\BOOKMARK [0][-]{chapter*.1}{\376\377\000A\000v\000a\000n\000t\000-\000p\000r\000o\000p\000o\000s}{}% 1
\BOOKMARK [0][-]{chapter*.2}{\376\377\000D\000\351\000d\000i\000c\000a\000c\000e}{}% 2
\BOOKMARK [0][-]{chapter*.3}{\376\377\000R\000e\000m\000e\000r\000c\000i\000e\000m\000e\000n\000t\000s}{}% 3
\BOOKMARK [0][-]{chapter*.4}{\376\377\000R\000\351\000s\000u\000m\000\351}{}% 4
\BOOKMARK [0][-]{chapter*.8}{\376\377\000L\000i\000s\000t\000e\000\040\000d\000e\000s\000\040\000a\000b\000r\000\351\000v\000i\000a\000t\000i\000o\000n\000s}{}% 5
\BOOKMARK [0][-]{chapter*.9}{\376\377\000I\000n\000t\000r\000o\000d\000u\000c\000t\000i\000o\000n\000\040\000g\000\351\000n\000\351\000r\000a\000l\000e}{}% 6
\BOOKMARK [0][-]{chapter.10}{\376\377\000C\000o\000n\000t\000e\000x\000t\000e\000\040\000g\000\351\000n\000\351\000r\000a\000l\000\040\000e\000t\000\040\000a\000n\000a\000l\000y\000s\000e\000\040\000d\000e\000s\000\040\000b\000e\000s\000o\000i\000n\000s}{}% 7
\BOOKMARK [1][-]{section.11}{\376\377\000I\000n\000t\000r\000o\000d\000u\000c\000t\000i\000o\000n}{chapter.10}% 8
\BOOKMARK [1][-]{section.12}{\376\377\000C\000o\000n\000t\000e\000x\000t\000e\000\040\000d\000u\000\040\000p\000r\000o\000j\000e\000t}{chapter.10}% 9
\BOOKMARK [1][-]{section.13}{\376\377\000P\000r\000o\000b\000l\000\351\000m\000a\000t\000i\000q\000u\000e}{chapter.10}% 10
\BOOKMARK [1][-]{section.14}{\376\377\000O\000b\000j\000e\000c\000t\000i\000f\000s\000\040\000d\000u\000\040\000p\000r\000o\000j\000e\000t}{chapter.10}% 11
\BOOKMARK [1][-]{section.15}{\376\377\000\311\000t\000u\000d\000e\000\040\000d\000e\000\040\000l\000'\000e\000x\000i\000s\000t\000a\000n\000t}{chapter.10}% 12
\BOOKMARK [1][-]{section.16}{\376\377\000A\000n\000a\000l\000y\000s\000e\000\040\000d\000e\000s\000\040\000b\000e\000s\000o\000i\000n\000s}{chapter.10}% 13
\BOOKMARK [2][-]{subsection.17}{\376\377\000D\000i\000a\000g\000r\000a\000m\000m\000e\000\040\000d\000e\000s\000\040\000c\000a\000s\000\040\000d\000'\000u\000t\000i\000l\000i\000s\000a\000t\000i\000o\000n}{section.16}% 14
\BOOKMARK [2][-]{subsection.19}{\376\377\000B\000e\000s\000o\000i\000n\000s\000\040\000f\000o\000n\000c\000t\000i\000o\000n\000n\000e\000l\000s}{section.16}% 15
\BOOKMARK [2][-]{subsection.20}{\376\377\000B\000e\000s\000o\000i\000n\000s\000\040\000n\000o\000n\000\040\000f\000o\000n\000c\000t\000i\000o\000n\000n\000e\000l\000s}{section.16}% 16
\BOOKMARK [1][-]{section.21}{\376\377\000C\000o\000n\000c\000l\000u\000s\000i\000o\000n}{chapter.10}% 17
\BOOKMARK [0][-]{chapter.22}{\376\377\000C\000o\000n\000c\000e\000p\000t\000i\000o\000n\000\040\000e\000t\000\040\000a\000r\000c\000h\000i\000t\000e\000c\000t\000u\000r\000e\000\040\000d\000u\000\040\000s\000y\000s\000t\000\350\000m\000e}{}% 18
\BOOKMARK [1][-]{section.23}{\376\377\000I\000n\000t\000r\000o\000d\000u\000c\000t\000i\000o\000n}{chapter.22}% 19
\BOOKMARK [1][-]{section.24}{\376\377\000A\000r\000c\000h\000i\000t\000e\000c\000t\000u\000r\000e\000\040\000g\000l\000o\000b\000a\000l\000e}{chapter.22}% 20
\BOOKMARK [2][-]{subsection.25}{\376\377\000P\000r\000i\000n\000c\000i\000p\000e\000\040\000g\000\351\000n\000\351\000r\000a\000l}{section.24}% 21
\BOOKMARK [2][-]{subsection.26}{\376\377\000D\000i\000a\000g\000r\000a\000m\000m\000e\000\040\000d\000'\000a\000r\000c\000h\000i\000t\000e\000c\000t\000u\000r\000e}{section.24}% 22
\BOOKMARK [2][-]{subsection.28}{\376\377\000C\000o\000u\000c\000h\000e\000s\000\040\000d\000e\000\040\000l\000'\000a\000p\000p\000l\000i\000c\000a\000t\000i\000o\000n}{section.24}% 23
\BOOKMARK [1][-]{section.29}{\376\377\000M\000o\000d\000\351\000l\000i\000s\000a\000t\000i\000o\000n\000\040\000U\000M\000L}{chapter.22}% 24
\BOOKMARK [2][-]{subsection.30}{\376\377\000D\000i\000a\000g\000r\000a\000m\000m\000e\000\040\000d\000e\000\040\000c\000l\000a\000s\000s\000e\000s}{section.29}% 25
\BOOKMARK [2][-]{subsection.32}{\376\377\000D\000i\000a\000g\000r\000a\000m\000m\000e\000\040\000d\000e\000\040\000s\000\351\000q\000u\000e\000n\000c\000e}{section.29}% 26
\BOOKMARK [1][-]{section.34}{\376\377\000M\000o\000d\000\350\000l\000e\000\040\000d\000e\000\040\000d\000o\000n\000n\000\351\000e\000s}{chapter.22}% 27
\BOOKMARK [2][-]{subsection.35}{\376\377\000C\000h\000o\000i\000x\000\040\000d\000e\000\040\000M\000o\000n\000g\000o\000D\000B}{section.34}% 28
\BOOKMARK [2][-]{subsection.36}{\376\377\000C\000o\000l\000l\000e\000c\000t\000i\000o\000n\000s\000\040\000p\000r\000i\000n\000c\000i\000p\000a\000l\000e\000s}{section.34}% 29
\BOOKMARK [2][-]{subsection.37}{\376\377\000R\000e\000c\000h\000e\000r\000c\000h\000e\000\040\000s\000\351\000m\000a\000n\000t\000i\000q\000u\000e}{section.34}% 30
\BOOKMARK [1][-]{section.38}{\376\377\000C\000h\000o\000i\000x\000\040\000t\000e\000c\000h\000n\000o\000l\000o\000g\000i\000q\000u\000e\000s}{chapter.22}% 31
\BOOKMARK [1][-]{section.40}{\376\377\000P\000i\000p\000e\000l\000i\000n\000e\000\040\000d\000e\000\040\000t\000r\000a\000i\000t\000e\000m\000e\000n\000t}{chapter.22}% 32
\BOOKMARK [1][-]{section.50}{\376\377\000S\000\351\000c\000u\000r\000i\000t\000\351}{chapter.22}% 33
\BOOKMARK [1][-]{section.51}{\376\377\000C\000o\000n\000c\000l\000u\000s\000i\000o\000n}{chapter.22}% 34
\BOOKMARK [0][-]{chapter.52}{\376\377\000R\000\351\000a\000l\000i\000s\000a\000t\000i\000o\000n\000,\000\040\000t\000e\000s\000t\000s\000\040\000e\000t\000\040\000r\000\351\000s\000u\000l\000t\000a\000t\000s}{}% 35
\BOOKMARK [1][-]{section.53}{\376\377\000I\000n\000t\000r\000o\000d\000u\000c\000t\000i\000o\000n}{chapter.52}% 36
\BOOKMARK [1][-]{section.54}{\376\377\000R\000\351\000a\000l\000i\000s\000a\000t\000i\000o\000n\000\040\000d\000u\000\040\000b\000a\000c\000k\000e\000n\000d}{chapter.52}% 37
\BOOKMARK [2][-]{subsection.55}{\376\377\000O\000r\000g\000a\000n\000i\000s\000a\000t\000i\000o\000n\000\040\000d\000u\000\040\000s\000e\000r\000v\000e\000u\000r}{section.54}% 38
\BOOKMARK [2][-]{subsection.56}{\376\377\000F\000o\000n\000c\000t\000i\000o\000n\000n\000a\000l\000i\000t\000\351\000s\000\040\000d\000e\000\040\000l\000'\000A\000P\000I}{section.54}% 39
\BOOKMARK [2][-]{subsection.58}{\376\377\000P\000i\000p\000e\000l\000i\000n\000e\000\040\000I\000A}{section.54}% 40
\BOOKMARK [2][-]{subsection.59}{\376\377\000R\000\351\000v\000i\000s\000i\000o\000n\000\040\000e\000s\000p\000a\000c\000\351\000e}{section.54}% 41
\BOOKMARK [1][-]{section.60}{\376\377\000R\000\351\000a\000l\000i\000s\000a\000t\000i\000o\000n\000\040\000d\000u\000\040\000f\000r\000o\000n\000t\000e\000n\000d}{chapter.52}% 42
\BOOKMARK [2][-]{subsection.61}{\376\377\000O\000r\000g\000a\000n\000i\000s\000a\000t\000i\000o\000n\000\040\000g\000\351\000n\000\351\000r\000a\000l\000e}{section.60}% 43
\BOOKMARK [2][-]{subsection.62}{\376\377\000\311\000c\000r\000a\000n\000s\000\040\000p\000r\000i\000n\000c\000i\000p\000a\000u\000x}{section.60}% 44
\BOOKMARK [2][-]{subsection.63}{\376\377\000G\000e\000s\000t\000i\000o\000n\000\040\000d\000e\000\040\000l\000'\000a\000u\000t\000h\000e\000n\000t\000i\000f\000i\000c\000a\000t\000i\000o\000n}{section.60}% 45
\BOOKMARK [2][-]{subsection.64}{\376\377\000E\000x\000p\000\351\000r\000i\000e\000n\000c\000e\000\040\000u\000t\000i\000l\000i\000s\000a\000t\000e\000u\000r}{section.60}% 46
\BOOKMARK [1][-]{section.65}{\376\377\000T\000e\000s\000t\000s\000\040\000e\000t\000\040\000v\000a\000l\000i\000d\000a\000t\000i\000o\000n}{chapter.52}% 47
\BOOKMARK [2][-]{subsection.66}{\376\377\000A\000p\000p\000r\000o\000c\000h\000e\000\040\000d\000e\000\040\000v\000a\000l\000i\000d\000a\000t\000i\000o\000n}{section.65}% 48
\BOOKMARK [2][-]{subsection.67}{\376\377\000R\000\351\000s\000u\000l\000t\000a\000t\000s\000\040\000d\000e\000\040\000v\000a\000l\000i\000d\000a\000t\000i\000o\000n}{section.65}% 49
\BOOKMARK [2][-]{subsection.69}{\376\377\000L\000i\000m\000i\000t\000e\000s\000\040\000o\000b\000s\000e\000r\000v\000\351\000e\000s}{section.65}% 50
\BOOKMARK [1][-]{section.70}{\376\377\000R\000\351\000s\000u\000l\000t\000a\000t\000s\000\040\000o\000b\000t\000e\000n\000u\000s}{chapter.52}% 51
\BOOKMARK [1][-]{section.71}{\376\377\000P\000e\000r\000s\000p\000e\000c\000t\000i\000v\000e\000s\000\040\000d\000'\000a\000m\000\351\000l\000i\000o\000r\000a\000t\000i\000o\000n}{chapter.52}% 52
\BOOKMARK [1][-]{section.72}{\376\377\000C\000o\000n\000c\000l\000u\000s\000i\000o\000n}{chapter.52}% 53
\BOOKMARK [0][-]{chapter*.73}{\376\377\000C\000o\000n\000c\000l\000u\000s\000i\000o\000n\000\040\000g\000\351\000n\000\351\000r\000a\000l\000e}{}% 54
\BOOKMARK [0][-]{chapter*.74}{\376\377\000B\000i\000b\000l\000i\000o\000g\000r\000a\000p\000h\000i\000e}{}% 55
\BOOKMARK [0][-]{appendix.75}{\376\377\000G\000u\000i\000d\000e\000\040\000d\000'\000i\000n\000s\000t\000a\000l\000l\000a\000t\000i\000o\000n}{}% 56
\BOOKMARK [1][-]{section.76}{\376\377\000B\000a\000c\000k\000e\000n\000d}{appendix.75}% 57
\BOOKMARK [1][-]{section.95}{\376\377\000F\000r\000o\000n\000t\000e\000n\000d}{appendix.75}% 58
\BOOKMARK [0][-]{appendix.107}{\376\377\000E\000x\000t\000r\000a\000i\000t\000s\000\040\000d\000e\000\040\000c\000o\000d\000e\000\040\000r\000e\000p\000r\000\351\000s\000e\000n\000t\000a\000t\000i\000f\000s}{}% 59
\BOOKMARK [1][-]{section.108}{\376\377\000S\000t\000r\000u\000c\000t\000u\000r\000e\000\040\000s\000i\000m\000p\000l\000i\000f\000i\000\351\000e\000\040\000d\000'\000u\000n\000e\000\040\000r\000o\000u\000t\000e\000\040\000p\000r\000o\000t\000\351\000g\000\351\000e}{appendix.107}% 60
\BOOKMARK [1][-]{section.114}{\376\377\000P\000r\000i\000n\000c\000i\000p\000e\000\040\000d\000u\000\040\000p\000i\000p\000e\000l\000i\000n\000e\000\040\000d\000e\000\040\000t\000r\000a\000i\000t\000e\000m\000e\000n\000t}{appendix.107}% 61
